// Jest Snapshot v1, https://goo.gl/fbAQLP

exports[`<DesktopMenu /> should render the list of menu items 1`] = `
<Styled(Components)
  sm={true}
  xs={true}
>
  <Styled(Ul)
    variant="inline"
  >
    <DesktopMenuItem
      key="/react"
      submenuItems={
        Array [
          Object {
            "text": "React Courses",
            "to": "/react/training",
          },
          Object {
            "text": "React Corporate Training",
            "to": "/react/training/corporate",
          },
          Object {
            "text": "React Curriculum",
            "to": "/react/curriculum",
          },
        ]
      }
      text="React"
      to="/react"
    />
    <DesktopMenuItem
      key="/graphql"
      submenuItems={
        Array [
          Object {
            "text": "GraphQL Courses",
            "to": "/graphql/training",
          },
          Object {
            "text": "GraphQL Corporate Training",
            "to": "/graphql/training/corporate",
          },
          Object {
            "text": "GraphQL Curriculum",
            "to": "/graphql/curriculum",
          },
          Object {
            "text": "GraphQL mini-conference",
            "to": "/graphql/conference",
          },
        ]
      }
      text="GraphQL"
      to="/graphql"
    />
    <DesktopMenuItem
      key="/blog"
      text="Blog"
      to="/blog"
    />
    <DesktopMenuItem
      key="/about-us"
      submenuItems={
        Array [
          Object {
            "text": "The Academy",
            "to": "/about-us",
          },
          Object {
            "hideOnMobile": true,
            "text": "Partners",
            "to": "/partners",
          },
          Object {
            "hideOnMobile": true,
            "text": "Community",
            "to": "/community",
          },
        ]
      }
      text="About"
      to="/about-us"
    />
    <DesktopMenuItem
      key="#contact-us"
      text="Contact"
      to="#contact-us"
    />
  </Styled(Ul)>
</Styled(Components)>
`;
